---
source: tests/grouping/mod.rs
expression: output
---
<math><maction id="action-id"><mi >x</mi></maction></math>
