---
source: tests/others/mo.rs
expression: out
---
<math><mo>∏</mo></math>
