---
source: tests/others/mn.rs
expression: out
---
<math><mn>1</mn></math>
