---
source: tests/others/mi.rs
expression: out
---
<math ><mi >Î¨</mi></math>
