---
source: tests/others/annotation.rs
expression: out
---
<math><annotation-xml><mi>x</mi><mo>+</mo><mi>y</mi></annotation-xml></math>
