---
source: tests/scripted/mod.rs
expression: out
---
<math display="block"><munderover ><mo>âˆ«</mo><mi>0</mi><mi>1</mi></munderover><mi>x</mi><mi>dx</mi></math>
